<!DOCTYPE html>
<html lang="en">
<head>
	<meta charset="UTF-8">
	<meta name="viewport" content="width=device-width, initial-scale=1.0">
	<meta name="keywords" content="Golden, travel, services, work, help, ecomerce, responsiveweb, web_security">
	<title>Golden</title>
	<link rel="stylesheet" href="assets/css/style.css">
	<link href="https://fonts.googleapis.com/css2?family=Roboto:wght@300;400;700;900&display=swap" rel="stylesheet">
</head>
<body>
	<header  class="header">
		<div class="header__logo">
			<h1><img src="assets/img/logo.png.png" alt="logo"></h1>
		</div>                        
		<!-- Дальше тут будет меню-->
<div class="wrapper">
		<div class="main__welcome">
			<h2>Welcome To Our Studio!</h2>
			<p>It’s nice to Meet you</p>
			<div class="tell__more"><a href="#">Tell Me More</a></div>
		</div>
	</div>	
	</header>
		

	<main>
		<div class="main__services" id="services__link">
			<div class="wrapper">
				<h2>Services</h2>
				<p class="services__p">Proin iaculis purus consequat sem cure. </p>
				<div class="services__cards">
					<div class="services__card">
						<img src="assets/img/icon1.png.png" alt="ecomerce">
						<h2>E-Commerce</h2>
						<p>Proin iaculis purus consequat sem cure 
digni ssim. Donec porttitora entum suscipit 
aenean rhoncus posuere odio in tincidunt.</p>
					</div>
					<div class="services__card">
						<img src="assets/img/icon2.png.png" alt="resonsive web">
						<h2>Responsive Web</h2>
						<p>Proin iaculis purus consequat sem cure 
digni ssim. Donec porttitora entum suscipit 
aenean rhoncus posuere odio in tincidunt.</p>
					</div>
					<div class="services__card">
						<img src="assets/img/icon3.png.png" alt="web security">
						<h2>Web Security</h2>
						<p>Proin iaculis purus consequat sem cure 
digni ssim. Donec porttitora entum suscipit 
aenean rhoncus posuere odio in tincidunt.</p>
					</div>
				</div>
			</div>
		</div>

		<div class="main__portfolio">
			<div class="wrapper">
				<h2>Our portfolio</h2>
				<p>Proin iaculis purus consequat sem cure.</p>
				<div class="galery">
					<a href="#"><img src="assets/img/img1.jpg.png" alt="portfolio"></a>
					<a href="#"><img src="assets/img/img2.jpg.png" alt="portfolio"></a>
					<a href="#"><img src="assets/img/img3.jpg.png" alt="portfolio"></a>
				</div>
			</div>
		</div>
		<div class="main__about">
			<div class="wrapper">
				<h2>ABOUT US</h2>
				<p class="about__p">Proin iaculis purus consequat sem cure.</p>
				<div class="about__cards">
					<div class="about__card">
						
							<div class="about__info">
								<h4>July 2010
								Our Humble Beginnings
								</h4>
								<div class="about__p">
								Proin iaculis purus consequat sem cure 
								digni ssim. Donec porttitora entum suscipit 
								aenean rhoncus posuere odio in tincidunt. Proin 
								iaculis purus consequat sem cure digni 
								ssim. Donec porttitora entum suscipit.
								</div>

							</div>
					<div class="about__photo">
						<img src="assets/img/about1.jpg.png" alt="about" class="mv-100">
					</div>	
					</div> 
				</div>
			</div>
		</div>

	</main>


<script src="https://ajax.googleapis.com/ajax/libs/jquery/3.5.1/jquery.min.js"></script>
<script src="assets/js/script.js"></script>
</body>
</html>